
Merging program properties

Removed property 0xc0000002 to merge /lib/x86_64-linux-gnu/Scrt1.o (0x3) and build/dummy.o (not found)
Removed property 0xc0000002 to merge /lib/x86_64-linux-gnu/Scrt1.o (not found) and /usr/bin/../lib/gcc/x86_64-linux-gnu/11/crtendS.o (0x3)
Removed property 0xc0000002 to merge /lib/x86_64-linux-gnu/Scrt1.o (not found) and /lib/x86_64-linux-gnu/crtn.o (0x3)

Discarded input sections

 .rodata.cst4   0x0000000000000000        0x4 /lib/x86_64-linux-gnu/Scrt1.o
 .data          0x0000000000000000        0x4 /lib/x86_64-linux-gnu/Scrt1.o
 .bss           0x0000000000000000        0x0 /lib/x86_64-linux-gnu/Scrt1.o
 .note.GNU-stack
                0x0000000000000000        0x0 /lib/x86_64-linux-gnu/Scrt1.o
 .text          0x0000000000000000        0x0 /lib/x86_64-linux-gnu/crti.o
 .data          0x0000000000000000        0x0 /lib/x86_64-linux-gnu/crti.o
 .bss           0x0000000000000000        0x0 /lib/x86_64-linux-gnu/crti.o
 .note.gnu.property
                0x0000000000000000       0x20 /lib/x86_64-linux-gnu/crti.o
 .note.GNU-stack
                0x0000000000000000        0x0 /lib/x86_64-linux-gnu/crti.o
 .data          0x0000000000000000        0x0 /usr/bin/../lib/gcc/x86_64-linux-gnu/11/crtbeginS.o
 .note.GNU-stack
                0x0000000000000000        0x0 /usr/bin/../lib/gcc/x86_64-linux-gnu/11/crtbeginS.o
 .note.gnu.property
                0x0000000000000000       0x20 /usr/bin/../lib/gcc/x86_64-linux-gnu/11/crtbeginS.o
 .text          0x0000000000000000        0x1 build/dummy.o
 .note.GNU-stack
                0x0000000000000000        0x0 build/dummy.o
 .llvm_addrsig  0x0000000000000000        0x0 build/dummy.o
 .note.GNU-stack
                0x0000000000000000        0x0 build/am_map.o
 .llvm_addrsig  0x0000000000000000        0xd build/am_map.o
 .text          0x0000000000000000        0x0 build/doomdef.o
 .comment       0x0000000000000000       0x28 build/doomdef.o
 .note.GNU-stack
                0x0000000000000000        0x0 build/doomdef.o
 .llvm_addrsig  0x0000000000000000        0x0 build/doomdef.o
 .text          0x0000000000000000        0x0 build/doomstat.o
 .note.GNU-stack
                0x0000000000000000        0x0 build/doomstat.o
 .llvm_addrsig  0x0000000000000000        0x0 build/doomstat.o
 .text          0x0000000000000000        0x0 build/dstrings.o
 .note.GNU-stack
                0x0000000000000000        0x0 build/dstrings.o
 .llvm_addrsig  0x0000000000000000        0x0 build/dstrings.o
 .note.GNU-stack
                0x0000000000000000        0x0 build/d_event.o
 .llvm_addrsig  0x0000000000000000        0x1 build/d_event.o
 .text          0x0000000000000000        0x0 build/d_items.o
 .note.GNU-stack
                0x0000000000000000        0x0 build/d_items.o
 .llvm_addrsig  0x0000000000000000        0x0 build/d_items.o
 .note.GNU-stack
                0x0000000000000000        0x0 build/d_iwad.o
 .llvm_addrsig  0x0000000000000000        0x1 build/d_iwad.o
 .note.GNU-stack
                0x0000000000000000        0x0 build/d_loop.o
 .llvm_addrsig  0x0000000000000000        0x2 build/d_loop.o
 .note.GNU-stack
                0x0000000000000000        0x0 build/d_main.o
 .llvm_addrsig  0x0000000000000000       0x23 build/d_main.o
 .note.GNU-stack
                0x0000000000000000        0x0 build/d_mode.o
 .llvm_addrsig  0x0000000000000000        0x0 build/d_mode.o
 .note.GNU-stack
                0x0000000000000000        0x0 build/d_net.o
 .llvm_addrsig  0x0000000000000000        0x6 build/d_net.o
 .note.GNU-stack
                0x0000000000000000        0x0 build/f_finale.o
 .llvm_addrsig  0x0000000000000000        0x1 build/f_finale.o
 .note.GNU-stack
                0x0000000000000000        0x0 build/f_wipe.o
 .llvm_addrsig  0x0000000000000000        0x6 build/f_wipe.o
 .note.GNU-stack
                0x0000000000000000        0x0 build/g_game.o
 .llvm_addrsig  0x0000000000000000       0x1c build/g_game.o
 .note.GNU-stack
                0x0000000000000000        0x0 build/hu_lib.o
 .llvm_addrsig  0x0000000000000000        0x0 build/hu_lib.o
 .note.GNU-stack
                0x0000000000000000        0x0 build/hu_stuff.o
 .llvm_addrsig  0x0000000000000000        0xa build/hu_stuff.o
 .text          0x0000000000000000        0x0 build/info.o
 .note.GNU-stack
                0x0000000000000000        0x0 build/info.o
 .llvm_addrsig  0x0000000000000000       0x4a build/info.o
 .text          0x0000000000000000       0x23 build/i_cdmus.o
 .bss           0x0000000000000000        0x4 build/i_cdmus.o
 .note.GNU-stack
                0x0000000000000000        0x0 build/i_cdmus.o
 .llvm_addrsig  0x0000000000000000        0x0 build/i_cdmus.o
 .note.GNU-stack
                0x0000000000000000        0x0 build/i_endoom.o
 .llvm_addrsig  0x0000000000000000        0x0 build/i_endoom.o
 .note.GNU-stack
                0x0000000000000000        0x0 build/i_joystick.o
 .llvm_addrsig  0x0000000000000000        0x9 build/i_joystick.o
[...]
Memory Configuration

Name             Origin             Length             Attributes
*default*        0x0000000000000000 0xffffffffffffffff

Linker script and memory map

LOAD /lib/x86_64-linux-gnu/Scrt1.o
LOAD /lib/x86_64-linux-gnu/crti.o
LOAD /usr/bin/../lib/gcc/x86_64-linux-gnu/11/crtbeginS.o
LOAD build/dummy.o
LOAD build/am_map.o
LOAD build/doomdef.o
LOAD build/doomstat.o
LOAD build/dstrings.o
LOAD build/d_event.o
LOAD build/d_items.o
LOAD build/d_iwad.o
LOAD build/d_loop.o
LOAD build/d_main.o
LOAD build/d_mode.o
LOAD build/d_net.o
LOAD build/f_finale.o
LOAD build/f_wipe.o
LOAD build/g_game.o
LOAD build/hu_lib.o
LOAD build/hu_stuff.o
LOAD build/info.o
LOAD build/i_cdmus.o
LOAD build/i_endoom.o
LOAD build/i_joystick.o
LOAD build/i_scale.o
LOAD build/i_sound.o
LOAD build/i_system.o
LOAD build/i_timer.o
LOAD build/memio.o
LOAD build/m_argv.o
LOAD build/m_bbox.o
LOAD build/m_cheat.o
LOAD build/m_config.o
LOAD build/m_controls.o
LOAD build/m_fixed.o
LOAD build/m_menu.o
LOAD build/m_misc.o
LOAD build/m_random.o
LOAD build/p_ceilng.o
LOAD build/p_doors.o
LOAD build/p_enemy.o
LOAD build/p_floor.o
LOAD build/p_inter.o
LOAD build/p_lights.o
LOAD build/p_map.o
LOAD build/p_maputl.o
LOAD build/p_mobj.o
LOAD build/p_plats.o
LOAD build/p_pspr.o
LOAD build/p_saveg.o
LOAD build/p_setup.o
LOAD build/p_sight.o
LOAD build/p_spec.o
LOAD build/p_switch.o
LOAD build/p_telept.o
LOAD build/p_tick.o
LOAD build/p_user.o
LOAD build/r_bsp.o
LOAD build/r_data.o
LOAD build/r_draw.o
LOAD build/r_main.o
LOAD build/r_plane.o
LOAD build/r_segs.o
LOAD build/r_sky.o
LOAD build/r_things.o
LOAD build/sha1.o
LOAD build/sounds.o
LOAD build/statdump.o
LOAD build/st_lib.o
LOAD build/st_stuff.o
LOAD build/s_sound.o
LOAD build/tables.o
LOAD build/v_video.o
LOAD build/wi_stuff.o
LOAD build/w_checksum.o
LOAD build/w_file.o
LOAD build/w_main.o
LOAD build/w_wad.o
LOAD build/z_zone.o
LOAD build/w_file_stdc.o
LOAD build/i_input.o
LOAD build/i_video.o
LOAD build/doomgeneric.o
LOAD build/doomgeneric_opssat.o
LOAD /lib/x86_64-linux-gnu/libm.so
START GROUP
LOAD /lib/x86_64-linux-gnu/libm.so.6
LOAD /lib/x86_64-linux-gnu/libmvec.so.1
END GROUP
LOAD /lib/x86_64-linux-gnu/libc.so
START GROUP
LOAD /lib/x86_64-linux-gnu/libc.so.6
LOAD /usr/lib/x86_64-linux-gnu/libc_nonshared.a
LOAD /lib64/ld-linux-x86-64.so.2
END GROUP
LOAD /lib/x86_64-linux-gnu/libX11.so
LOAD /usr/bin/../lib/gcc/x86_64-linux-gnu/11/libgcc.a
LOAD /usr/bin/../lib/gcc/x86_64-linux-gnu/11/libgcc_s.so
START GROUP
LOAD /lib/x86_64-linux-gnu/libgcc_s.so.1
LOAD /usr/bin/../lib/gcc/x86_64-linux-gnu/11/libgcc.a
END GROUP
LOAD /lib/x86_64-linux-gnu/libc.so
START GROUP
LOAD /lib/x86_64-linux-gnu/libc.so.6
LOAD /usr/lib/x86_64-linux-gnu/libc_nonshared.a
LOAD /lib64/ld-linux-x86-64.so.2
END GROUP
LOAD /usr/bin/../lib/gcc/x86_64-linux-gnu/11/libgcc.a
LOAD /usr/bin/../lib/gcc/x86_64-linux-gnu/11/libgcc_s.so
START GROUP
LOAD /lib/x86_64-linux-gnu/libgcc_s.so.1
LOAD /usr/bin/../lib/gcc/x86_64-linux-gnu/11/libgcc.a
END GROUP
LOAD /usr/bin/../lib/gcc/x86_64-linux-gnu/11/crtendS.o
LOAD /lib/x86_64-linux-gnu/crtn.o
                [!provide]                        PROVIDE (__executable_start = SEGMENT_START ("text-segment", 0x0))
                0x0000000000000318                . = (SEGMENT_START ("text-segment", 0x0) + SIZEOF_HEADERS)

.interp         0x0000000000000318       0x1c
 *(.interp)
 .interp        0x0000000000000318       0x1c /lib/x86_64-linux-gnu/Scrt1.o

.note.gnu.property
                0x0000000000000338       0x20
 .note.gnu.property
                0x0000000000000338       0x20 /lib/x86_64-linux-gnu/Scrt1.o

.note.gnu.build-id
                0x0000000000000358       0x24
 *(.note.gnu.build-id)
 .note.gnu.build-id
                0x0000000000000358       0x24 /lib/x86_64-linux-gnu/Scrt1.o

.note.ABI-tag   0x000000000000037c       0x20
 .note.ABI-tag  0x000000000000037c       0x20 /lib/x86_64-linux-gnu/Scrt1.o

.hash
 *(.hash)

.gnu.hash       0x00000000000003a0       0x24
 *(.gnu.hash)
 .gnu.hash      0x00000000000003a0       0x24 /lib/x86_64-linux-gnu/Scrt1.o

.dynsym         0x00000000000003c8      0x4f8
 *(.dynsym)
 .dynsym        0x00000000000003c8      0x4f8 /lib/x86_64-linux-gnu/Scrt1.o

.dynstr         0x00000000000008c0      0x21c
 *(.dynstr)
 .dynstr        0x00000000000008c0      0x21c /lib/x86_64-linux-gnu/Scrt1.o

.gnu.version    0x0000000000000adc       0x6a
 *(.gnu.version)
 .gnu.version   0x0000000000000adc       0x6a /lib/x86_64-linux-gnu/Scrt1.o

.gnu.version_d  0x0000000000000b48        0x0
 *(.gnu.version_d)
 .gnu.version_d
                0x0000000000000b48        0x0 /lib/x86_64-linux-gnu/Scrt1.o

.gnu.version_r  0x0000000000000b48       0x80
 *(.gnu.version_r)
 .gnu.version_r
                0x0000000000000b48       0x80 /lib/x86_64-linux-gnu/Scrt1.o

.rela.dyn       0x0000000000000bc8     0x76b0
 *(.rela.init)
 *(.rela.text .rela.text.* .rela.gnu.linkonce.t.*)
 *(.rela.fini)
 *(.rela.rodata .rela.rodata.* .rela.gnu.linkonce.r.*)
 *(.rela.data .rela.data.* .rela.gnu.linkonce.d.*)
 .rela.data.rel.ro
                0x0000000000000bc8      0x780 /lib/x86_64-linux-gnu/Scrt1.o
 .rela.data.rel.local
                0x0000000000001348       0x18 /lib/x86_64-linux-gnu/Scrt1.o
 .rela.data     0x0000000000001360     0x6c90 /lib/x86_64-linux-gnu/Scrt1.o
 *(.rela.tdata .rela.tdata.* .rela.gnu.linkonce.td.*)
 *(.rela.tbss .rela.tbss.* .rela.gnu.linkonce.tb.*)
 *(.rela.ctors)
 *(.rela.dtors)
 *(.rela.got)
 .rela.got      0x0000000000007ff0      0x258 /lib/x86_64-linux-gnu/Scrt1.o
 *(.rela.bss .rela.bss.* .rela.gnu.linkonce.b.*)
 .rela.bss      0x0000000000008248        0x0 /lib/x86_64-linux-gnu/Scrt1.o
 *(.rela.ldata .rela.ldata.* .rela.gnu.linkonce.l.*)
 *(.rela.lbss .rela.lbss.* .rela.gnu.linkonce.lb.*)
 *(.rela.lrodata .rela.lrodata.* .rela.gnu.linkonce.lr.*)
 *(.rela.ifunc)
 .rela.ifunc    0x0000000000008248        0x0 /lib/x86_64-linux-gnu/Scrt1.o
 .rela.fini_array
                0x0000000000008248       0x18 /lib/x86_64-linux-gnu/Scrt1.o
 .rela.init_array
                0x0000000000008260       0x18 /lib/x86_64-linux-gnu/Scrt1.o

.rela.plt       0x0000000000008278      0x450
 *(.rela.plt)
 .rela.plt      0x0000000000008278      0x450 /lib/x86_64-linux-gnu/Scrt1.o
 *(.rela.iplt)

.relr.dyn
 *(.relr.dyn)
                0x0000000000009000                . = ALIGN (CONSTANT (MAXPAGESIZE))

.init           0x0000000000009000       0x1b
 *(SORT_NONE(.init))
 .init          0x0000000000009000       0x16 /lib/x86_64-linux-gnu/crti.o
                0x0000000000009000                _init
 .init          0x0000000000009016        0x5 /lib/x86_64-linux-gnu/crtn.o

.plt            0x0000000000009020      0x2f0
 *(.plt)
 .plt           0x0000000000009020      0x2f0 /lib/x86_64-linux-gnu/Scrt1.o
                0x0000000000009030                printf@@GLIBC_2.2.5
                0x0000000000009040                frexp@@GLIBC_2.2.5
                0x0000000000009050                memset@@GLIBC_2.2.5
                0x0000000000009060                ftell@@GLIBC_2.2.5
                0x0000000000009070                snprintf@@GLIBC_2.2.5
                0x0000000000009080                memchr@@GLIBC_2.2.5
                0x0000000000009090                puts@@GLIBC_2.2.5
                0x00000000000090a0                fseek@@GLIBC_2.2.5
                0x00000000000090b0                __isoc99_sscanf@@GLIBC_2.7
                0x00000000000090c0                toupper@@GLIBC_2.2.5
                0x00000000000090d0                exit@@GLIBC_2.2.5
                0x00000000000090e0                __assert_fail@@GLIBC_2.2.5
                0x00000000000090f0                strcasecmp@@GLIBC_2.2.5
                0x0000000000009100                putchar@@GLIBC_2.2.5
                0x0000000000009110                strncmp@@GLIBC_2.2.5
                0x0000000000009120                malloc@@GLIBC_2.2.5
                0x0000000000009130                fopen@@GLIBC_2.2.5
                0x0000000000009140                system@@GLIBC_2.2.5
                0x0000000000009150                atof@@GLIBC_2.2.5
                0x0000000000009160                vfprintf@@GLIBC_2.2.5
                0x0000000000009170                __ctype_toupper_loc@@GLIBC_2.3
                0x0000000000009180                free@@GLIBC_2.2.5
                0x0000000000009190                strlen@@GLIBC_2.2.5
                0x00000000000091a0                sprintf@@GLIBC_2.2.5
                0x00000000000091b0                strrchr@@GLIBC_2.2.5
                0x00000000000091c0                strstr@@GLIBC_2.2.5
                0x00000000000091d0                bcmp@@GLIBC_2.2.5
                0x00000000000091e0                atoi@@GLIBC_2.2.5
                0x00000000000091f0                memmove@@GLIBC_2.2.5
                0x0000000000009200                vsnprintf@@GLIBC_2.2.5
                0x0000000000009210                fread@@GLIBC_2.2.5
                0x0000000000009220                __errno_location@@GLIBC_2.2.5
                0x0000000000009230                strdup@@GLIBC_2.2.5
                0x0000000000009240                strncasecmp@@GLIBC_2.2.5
                0x0000000000009250                strcmp@@GLIBC_2.2.5
                0x0000000000009260                calloc@@GLIBC_2.2.5
                0x0000000000009270                fclose@@GLIBC_2.2.5
                0x0000000000009280                remove@@GLIBC_2.2.5
                0x0000000000009290                strncpy@@GLIBC_2.2.5
                0x00000000000092a0                fwrite@@GLIBC_2.2.5
                0x00000000000092b0                realloc@@GLIBC_2.2.5
                0x00000000000092c0                fprintf@@GLIBC_2.2.5
                0x00000000000092d0                memcpy@@GLIBC_2.14
                0x00000000000092e0                rename@@GLIBC_2.2.5
                0x00000000000092f0                mkdir@@GLIBC_2.2.5
                0x0000000000009300                fflush@@GLIBC_2.2.5
 *(.iplt)

.plt.got        0x0000000000009310        0x8
 *(.plt.got)
 .plt.got       0x0000000000009310        0x8 /lib/x86_64-linux-gnu/Scrt1.o
                0x0000000000009310                __cxa_finalize@@GLIBC_2.2.5

.plt.sec
 *(.plt.sec)

.text           0x0000000000009320    0x2b056
 *(.text.unlikely .text.*_unlikely .text.unlikely.*)
 *(.text.exit .text.exit.*)
 *(.text.startup .text.startup.*)
 *(.text.hot .text.hot.*)
 *(SORT_BY_NAME(.text.sorted.*))
 *(.text .stub .text.* .gnu.linkonce.t.*)
 .text          0x0000000000009320       0x26 /lib/x86_64-linux-gnu/Scrt1.o
                0x0000000000009320                _start
 *fill*         0x0000000000009346        0xa 
 .text          0x0000000000009350       0xb9 /usr/bin/../lib/gcc/x86_64-linux-gnu/11/crtbeginS.o
 *fill*         0x0000000000009409        0x3 
 .text          0x000000000000940c     0x1a98 build/am_map.o
                0x000000000000940c                AM_getIslope
                0x0000000000009462                AM_activateNewScale
                0x0000000000009515                AM_saveScaleAndLoc
                0x0000000000009546                AM_restoreScaleAndLoc
                0x00000000000095ee                AM_addMark
                0x0000000000009652                AM_findMinMaxBoundaries
                0x000000000000978e                AM_changeWindowLoc
                0x0000000000009845                AM_initVariables
                0x000000000000999d                AM_loadPics
                0x00000000000099fb                AM_unloadPics
                0x0000000000009a3d                AM_clearMarks
                0x0000000000009a62                AM_LevelInit
                0x0000000000009ad8                AM_Stop
                0x0000000000009afd                AM_Start
                0x0000000000009b72                AM_minOutWindowScale
                0x0000000000009b95                AM_maxOutWindowScale
                0x0000000000009bb8                AM_Responder
                0x0000000000009fdc                AM_changeWindowScale
                0x000000000000a03c                AM_doFollowPlayer
                0x000000000000a10d                AM_updateLightLev
                0x000000000000a16f                AM_Ticker
                0x000000000000a1b4                AM_clearFB
                0x000000000000a1e8                AM_clipMline
                0x000000000000a54a                AM_drawFline
                0x000000000000a6f0                AM_drawMline
                0x000000000000a714                AM_drawGrid
                0x000000000000a82c                AM_drawWalls
                0x000000000000a957                AM_rotate
                0x000000000000a9ce                AM_drawLineCharacter
                0x000000000000ab10                AM_drawPlayers
                0x000000000000ac28                AM_drawThings
                0x000000000000acb8                AM_drawMarks
                0x000000000000ad90                AM_drawCrosshair
                0x000000000000adca                AM_Drawer
 .text          0x000000000000aea4       0x77 build/d_event.o
                0x000000000000aea4                D_PostEvent
                0x000000000000aedf                D_PopEvent
 *fill*         0x000000000000af1b        0x1 
 .text          0x000000000000af1c      0x45f build/d_iwad.o
                0x000000000000af1c                D_FindWADByName
                0x000000000000b048                D_TryFindWADByName
                0x000000000000b05a                D_FindIWAD
                0x000000000000b279                D_FindAllIWADs
                0x000000000000b2e6                D_SaveGameIWADName
                0x000000000000b312                D_SuggestIWADName
                0x000000000000b344                D_SuggestGameName
 *fill*         0x000000000000b37b        0x1 
 .text          0x000000000000b37c      0x5fb build/d_loop.o
                0x000000000000b37c                NetUpdate
                0x000000000000b505                D_ReceiveTic
                0x000000000000b59d                D_StartGameLoop
                0x000000000000b5ea                D_StartNetGame
                0x000000000000b621                D_InitNetGame
                0x000000000000b643                D_QuitNetGame
                0x000000000000b644                TryRunTics
                0x000000000000b96f                D_RegisterLoopCallbacks
 *fill*         0x000000000000b977        0x1 
 .text          0x000000000000b978     0x15d3 build/d_main.o
                0x000000000000b978                D_ProcessEvents
                0x000000000000b9b2                D_Display
                0x000000000000bd3e                D_PageDrawer
                0x000000000000bd5d                D_BindVariables
                0x000000000000beb6                D_GrabMouseCallback
                0x000000000000bef7                doomgeneric_Tick
                0x000000000000bf37                D_DoomLoop
                0x000000000000bfeb                D_PageTicker
                0x000000000000c00a                D_AdvanceDemo
                0x000000000000c015                D_DoAdvanceDemo
                0x000000000000c1be                D_StartTitle
                0x000000000000c1e0                D_IdentifyVersion
                0x000000000000c38f                D_SetGameDescription
                0x000000000000c44e                PrintDehackedBanners
                0x000000000000c44f                PrintGameVersion
                0x000000000000c489                D_DoomMain
 *fill*         0x000000000000cf4b        0x1 
 .text          0x000000000000cf4c      0x146 build/d_mode.o
                0x000000000000cf4c                D_ValidGameMode
                0x000000000000cf78                D_ValidEpisodeMap
                0x000000000000cfed                D_GetNumEpisodes
                0x000000000000d01a                D_ValidGameVersion
                0x000000000000d05e                D_IsEpisodeMap
                0x000000000000d073                D_GameMissionString
 *fill*         0x000000000000d092        0x2 
 .text          0x000000000000d094      0x408 build/d_net.o
                0x000000000000d094                D_ConnectNetGame
                0x000000000000d186                D_CheckNetGame
 .text          0x000000000000d49c      0xbf9 build/f_finale.o
                0x000000000000d49c                F_StartFinale
                0x000000000000d589                F_Responder
                0x000000000000d599                F_CastResponder
                0x000000000000d61f                F_Ticker
                0x000000000000d6fa                F_StartCast
                0x000000000000d775                F_CastTicker
                0x000000000000db9a                F_TextWrite
                0x000000000000dcd0                F_CastPrint
                0x000000000000dd8f                F_CastDrawer
                0x000000000000de31                F_DrawPatchCol
                0x000000000000de97                F_BunnyScroll
                0x000000000000e009                F_Drawer
 *fill*         0x000000000000e095        0x3 
 .text          0x000000000000e098      0x4c7 build/f_wipe.o
                0x000000000000e098                wipe_shittyColMajorXform
                0x000000000000e134                wipe_initColorXForm
                0x000000000000e158                wipe_doColorXForm
                0x000000000000e1c3                wipe_exitColorXForm
                0x000000000000e1c6                wipe_initMelt
                0x000000000000e2b7                wipe_doMelt
                0x000000000000e41d                wipe_exitMelt
                0x000000000000e446                wipe_StartScreen
                0x000000000000e46b                wipe_EndScreen
                0x000000000000e4bf                wipe_ScreenWipe
 *fill*         0x000000000000e55f        0x1 
 .text          0x000000000000e560     0x2610 build/g_game.o
                0x000000000000e560                G_CmdChecksum
                0x000000000000e569                G_BuildTiccmd
                0x000000000000ed1e                G_DoLoadLevel
                0x000000000000eedc                G_Responder
                0x000000000000f217                G_Ticker
                0x000000000000f5ee                G_DoReborn
                0x000000000000f6bf                G_DoNewGame
                0x000000000000f72b                G_DoLoadGame
                0x000000000000f7f5                G_DoSaveGame
                0x000000000000f956                G_DoPlayDemo
                0x000000000000fb79                G_DoCompleted
                0x000000000000fe80                G_DoWorldDone
                0x000000000000feae                G_ReadDemoTiccmd
                0x000000000000ff2e                G_WriteDemoTiccmd
                0x000000000001007d                G_InitPlayer
                0x0000000000010082                G_PlayerReborn
                0x000000000001013c                G_PlayerFinishLevel
                0x0000000000010180                G_CheckSpot
                0x0000000000010392                G_DeathMatchSpawnPlayer
                0x000000000001043c                G_ScreenShot
                0x0000000000010447                G_ExitLevel
                0x000000000001045c                G_SecretExitLevel
                0x0000000000010494                G_WorldDone
                0x00000000000104fd                G_LoadGame
                0x000000000001051e                G_InitNew
                0x0000000000010741                G_SaveGame
                0x0000000000010765                G_DeferedInitNew
                0x0000000000010782                G_CheckDemoStatus
                0x00000000000108c0                G_RecordDemo
                0x0000000000010971                G_VanillaVersionCode
                0x00000000000109bd                G_BeginRecording
                0x0000000000010b21                G_DeferedPlayDemo
                0x0000000000010b33                G_TimeDemo
 .text          0x0000000000010b70      0x5db build/hu_lib.o
                0x0000000000010b70                HUlib_init
                0x0000000000010b71                HUlib_clearTextLine
                0x0000000000010b84                HUlib_initTextLine
                0x0000000000010ba4                HUlib_addCharToTextLine
                0x0000000000010bd1                HUlib_delCharFromTextLine
                0x0000000000010bf6                HUlib_drawTextLine
                0x0000000000010ccb                HUlib_eraseTextLine
                0x0000000000010d9b                HUlib_initSText
                0x0000000000010e04                HUlib_addLineToSText
                0x0000000000010e56                HUlib_addMessageToSText
                0x0000000000010f0c                HUlib_drawSText
                0x0000000000010f65                HUlib_eraseSText
                0x0000000000010fca                HUlib_initIText
                0x0000000000010ff9                HUlib_delCharFromIText
                0x000000000001101b                HUlib_eraseLineFromIText
                0x0000000000011045                HUlib_resetIText
                0x0000000000011059                HUlib_addPrefixToIText
                0x0000000000011096                HUlib_keyInIText
                0x0000000000011104                HUlib_drawIText
                0x0000000000011118                HUlib_eraseIText
 *fill*         0x000000000001114b        0x1 
 .text          0x000000000001114c      0x919 build/hu_stuff.o
                0x000000000001114c                HU_Init
                0x00000000000111b4                HU_Stop
                0x00000000000111bc                HU_Start
                0x00000000000113d6                HU_Drawer
                0x000000000001140c                HU_Erase
                0x0000000000011432                HU_Ticker
                0x000000000001162a                HU_queueChatChar
                0x0000000000011667                HU_dequeueChatChar
                0x000000000001168f                HU_Responder
 *fill*         0x0000000000011a65        0x3 
 .text          0x0000000000011a68        0x1 build/i_endoom.o
                0x0000000000011a68                I_Endoom
 *fill*         0x0000000000011a69        0x3 
 .text          0x0000000000011a6c       0xf1 build/i_joystick.o
                0x0000000000011a6c                I_ShutdownJoystick
                0x0000000000011a6d                I_InitJoystick
                0x0000000000011a6e                I_UpdateJoystick
                0x0000000000011a6f                I_BindJoystickVariables
 *fill*         0x0000000000011b5d        0x3 
 .text          0x0000000000011b60      0x102 build/i_sound.o
                0x0000000000011b60                I_InitSound
                0x0000000000011b86                I_ShutdownSound
                0x0000000000011b87                I_GetSfxLumpNum
                0x0000000000011b8a                I_UpdateSound
                0x0000000000011b8b                I_UpdateSoundParams
                0x0000000000011b8c                I_StartSound
                0x0000000000011b8f                I_StopSound
                0x0000000000011b90                I_SoundIsPlaying
                0x0000000000011b93                I_PrecacheSounds
                0x0000000000011b94                I_InitMusic
                0x0000000000011b95                I_ShutdownMusic
                0x0000000000011b96                I_SetMusicVolume
                0x0000000000011b97                I_PauseSong
                0x0000000000011b98                I_ResumeSong
                0x0000000000011b99                I_RegisterSong
                0x0000000000011b9c                I_UnRegisterSong
                0x0000000000011b9d                I_PlaySong
                0x0000000000011b9e                I_StopSong
                0x0000000000011b9f                I_MusicIsPlaying
                0x0000000000011ba2                I_BindSoundVariables
 *fill*         0x0000000000011c62        0x2 
 .text          0x0000000000011c64      0x555 build/i_system.o
                0x0000000000011c64                I_AtExit
                0x0000000000011c95                I_Tactile
                0x0000000000011c96                I_ZoneBase
                0x0000000000011d32                I_PrintBanner
                0x0000000000011d6f                I_PrintDivider
                0x0000000000011d8e                I_PrintStartupBanner
                0x0000000000011db6                I_ConsoleStdout
                0x0000000000011db9                I_Quit
                0x0000000000011dd0                I_Error
                0x0000000000012014                I_GetMemoryValue
 *fill*         0x00000000000121b9        0x3 
 .text          0x00000000000121bc       0x58 build/i_timer.o
                0x00000000000121bc                I_GetTicks
                0x00000000000121c3                I_GetTime
                0x00000000000121ef                I_GetTimeMS
                0x000000000001220d                I_Sleep
                0x0000000000012212                I_WaitVBL
                0x0000000000012213                I_InitTimer
 .text          0x0000000000012214       0x97 build/m_argv.o
                0x0000000000012214                M_CheckParmWithArgs
                0x0000000000012268                M_ParmExists
                0x000000000001227b                M_CheckParm
                0x0000000000012282                M_FindResponseFile
                0x0000000000012283                M_GetExecutableName
 *fill*         0x00000000000122ab        0x1 
 .text          0x00000000000122ac       0x33 build/m_bbox.o
                0x00000000000122ac                M_ClearBox
                0x00000000000122b7                M_AddToBox
 *fill*         0x00000000000122df        0x1 
 .text          0x00000000000122e0       0xbf build/m_cheat.o
                0x00000000000122e0                cht_CheckCheat
                0x000000000001238c                cht_GetParam
 *fill*         0x000000000001239f        0x1 
 .text          0x00000000000123a0      0x359 build/m_config.o
                0x00000000000123a0                M_SetConfigFilenames
                0x00000000000123af                M_SaveDefaults
                0x00000000000123b0                M_SaveDefaultsAlternate
                0x00000000000123b1                M_LoadDefaults
                0x0000000000012481                M_BindVariable
                0x00000000000124ea                M_SetVariable
                0x000000000001258d                M_GetIntVariable
                0x00000000000125b1                M_GetStrVariable
                0x00000000000125d5                M_GetFloatVariable
                0x00000000000125f9                M_SetConfigDir
                0x000000000001263e                M_GetSaveGameDir
 *fill*         0x00000000000126f9        0x3 
 .text          0x00000000000126fc      0x953 build/m_controls.o
                0x00000000000126fc                M_BindBaseControls
                0x00000000000128ff                M_BindHereticControls
                0x00000000000129ac                M_BindHexenControls
                0x0000000000012a7f                M_BindStrifeControls
                0x0000000000012c0a                M_BindWeaponControls
                0x0000000000012d16                M_BindMapControls
                0x0000000000012dfc                M_BindMenuControls
                0x0000000000012fd9                M_BindChatControls
                0x000000000001304e                M_ApplyPlatformDefaults
 *fill*         0x000000000001304f        0x1 
 .text          0x0000000000013050       0x44 build/m_fixed.o
                0x0000000000013050                FixedMul
                0x000000000001305f                FixedDiv
 .text          0x0000000000013094     0x20a2 build/m_menu.o
                0x0000000000013094                M_NewGame
                0x0000000000013139                M_Options
                0x0000000000013156                M_LoadGame
                0x00000000000131c4                M_SaveGame
                0x000000000001323f                M_ReadThis
                0x000000000001325c                M_QuitDOOM
                0x00000000000132f0                M_DrawMainMenu
                0x0000000000013315                M_Episode
                0x00000000000133bf                M_DrawEpisode
                0x00000000000133e4                M_ChooseSkill
                0x0000000000013441                M_DrawNewGame
                0x0000000000013489                M_EndGame
                0x000000000001351f                M_ChangeMessages
                0x000000000001356f                M_ChangeDetail
                0x00000000000135c7                M_SizeDisplay
                0x000000000001360e                M_ChangeSensitivity
                0x0000000000013639                M_Sound
                0x0000000000013656                M_DrawOptions
                0x0000000000013745                M_ReadThis2
                0x0000000000013797                M_DrawReadThis1
                0x0000000000013862                M_FinishReadThis
                0x000000000001387f                M_DrawReadThis2
                0x00000000000138a8                M_SfxVol
                0x00000000000138dd                M_MusicVol
                0x0000000000013912                M_DrawSound
                0x000000000001397f                M_LoadSelect
                0x00000000000139ba                M_DrawLoad
                0x0000000000013a2d                M_SaveSelect
                0x0000000000013a8a                M_DrawSave
                0x0000000000013b4b                M_ReadSaveStrings
                0x0000000000013c01                M_DrawSaveLoadBorder
                0x0000000000013c93                M_WriteText
                0x0000000000013d0f                M_ClearMenus
                0x0000000000013d1a                M_StartMessage
                0x0000000000013d4c                M_SetupNextMenu
                0x0000000000013d5f                M_StringWidth
                0x0000000000013dba                M_DoSave
                0x0000000000013def                M_QuickSaveResponse
                0x0000000000013e40                M_QuickSave
                0x0000000000013f3a                M_StartControlPanel
                0x0000000000013f6b                M_QuickLoadResponse
                0x0000000000013f91                M_QuickLoad
                0x000000000001402e                M_DrawThermo
                0x00000000000140e7                M_VerifyNightmare
                0x0000000000014116                M_EndGameResponse
                0x0000000000014143                M_QuitResponse
                0x000000000001419f                M_DrawEmptyCell
                0x00000000000141d8                M_DrawSelCell
                0x0000000000014211                M_StopMessage
                0x0000000000014228                M_StringHeight
                0x000000000001426d                M_Responder
                0x0000000000014e29                M_Drawer
                0x0000000000015057                M_Ticker
                0x000000000001507e                M_Init
 *fill*         0x0000000000015136        0x2 
 .text          0x0000000000015138      0x7a4 build/m_misc.o
                0x0000000000015138                M_MakeDirectory
                0x0000000000015142                M_FileExists
                0x0000000000015175                M_FileLength
                0x00000000000151b5                M_WriteFile
                0x0000000000015204                M_ReadFile
                0x00000000000152a8                M_TempFile
                0x00000000000152c2                M_StringJoin
                0x0000000000015437                M_StrToInt
                0x00000000000154b2                M_ExtractFileBase
                0x0000000000015525                M_ForceUppercase
                0x000000000001555a                M_StrCaseStr
                0x00000000000155b7                M_StringDuplicate
                0x00000000000155ef                M_StringReplace
                0x0000000000015700                M_StringCopy
                0x000000000001573c                M_StringConcat
                0x000000000001576f                M_StringStartsWith
                0x00000000000157ae                M_StringEndsWith
                0x00000000000157f3                M_vsnprintf
                0x000000000001582a                M_snprintf
 .text          0x00000000000158dc       0x49 build/m_random.o
                0x00000000000158dc                P_Random
                0x00000000000158f9                M_Random
                0x0000000000015916                M_ClearRandom
 *fill*         0x0000000000015925        0x3 
 .text          0x0000000000015928      0x3ed build/p_ceilng.o
                0x0000000000015928                T_MoveCeiling
                0x0000000000015a7f                P_RemoveActiveCeiling
                0x0000000000015ac0                EV_DoCeiling
                0x0000000000015c67                P_ActivateInStasisCeiling
                0x0000000000015ca6                P_AddActiveCeiling
                0x0000000000015cc8                EV_CeilingCrushStop
 *fill*         0x0000000000015d15        0x3 
 .text          0x0000000000015d18      0x76a build/p_doors.o
                0x0000000000015d18                T_VerticalDoor
                0x0000000000015eac                EV_DoLockedDoor
                0x0000000000015f53                EV_DoDoor
                0x0000000000016140                EV_VerticalDoor
                0x00000000000163af                P_SpawnDoorCloseIn30
                0x000000000001640a                P_SpawnDoorRaiseIn5Mins
 *fill*         0x0000000000016482        0x2 
 .text          0x0000000000016484     0x20c4 build/p_enemy.o
                0x0000000000016484                P_RecursiveSound
                0x0000000000016564                P_NoiseAlert
                0x0000000000016582                P_CheckMeleeRange
                0x00000000000165dc                P_CheckMissileRange
                0x00000000000166bd                P_Move
                0x00000000000167ee                P_TryWalk
                0x0000000000016814                P_NewChaseDir
                0x0000000000016a0e                P_LookForPlayers
                0x0000000000016b02                A_KeenDie
                0x0000000000016b6b                A_Fall
                0x0000000000016b73                A_Look
                0x0000000000016c41                A_Chase
                0x0000000000016e52                A_FaceTarget
                0x0000000000016eaa                A_PosAttack
                0x0000000000016f4e                A_SPosAttack
                0x0000000000016ff0                A_CPosAttack
                0x0000000000017094                A_CPosRefire
                0x00000000000170dd                A_SpidRefire
                0x0000000000017126                A_BspiAttack
                0x0000000000017150                A_TroopAttack
                0x00000000000171be                A_SargAttack
                0x000000000001721b                A_HeadAttack
                0x000000000001728f                A_CyberAttack
                0x00000000000172b9                A_BruisAttack
                0x0000000000017322                A_SkelMissile
                0x0000000000017373                A_Tracer
                0x00000000000174e7                A_SkelWhoosh
                0x000000000001750a                A_SkelFist
                0x0000000000017584                PIT_VileCheck
                0x0000000000017620                A_VileChase
                0x00000000000177ab                A_VileStart
                0x00000000000177b5                A_StartFire
                0x00000000000177cc                A_Fire
                0x000000000001787b                A_FireCrackle
                0x0000000000017892                A_VileTarget
                0x00000000000178e5                A_VileAttack
                0x00000000000179de                A_FatRaise
                0x00000000000179f5                A_FatAttack1
                0x0000000000017a89                A_FatAttack2
                0x0000000000017b21                A_FatAttack3
                0x0000000000017c02                A_SkullAttack
                0x0000000000017cc9                A_PainShootSkull
                0x0000000000017de3                A_PainAttack
                0x0000000000017e04                A_PainDie
                0x0000000000017e3d                A_Scream
                0x0000000000017eaa                A_XScream
                0x0000000000017eb4                A_Pain
                0x0000000000017ec7                A_Explode
                0x0000000000017ed8                A_BossDeath
                0x0000000000018140                A_Hoof
                0x0000000000018157                A_Metal
                0x000000000001816e                A_BabyMetal
                0x0000000000018185                A_OpenShotgun2
                0x0000000000018192                A_LoadShotgun2
                0x000000000001819f                A_CloseShotgun2
                0x00000000000181c8                A_BrainAwake
                0x0000000000018226                A_BrainPain
                0x0000000000018232                A_BrainScream
                0x00000000000182df                A_BrainExplode
                0x000000000001835d                A_BrainDie
                0x0000000000018362                A_BrainSpit
                0x00000000000183fa                A_SpawnSound
                0x0000000000018411                A_SpawnFly
                0x0000000000018522                A_PlayerScream
 .text          0x0000000000018548      0x7f5 build/p_floor.o
                0x0000000000018548                T_MovePlane
                0x000000000001867e                T_MoveFloor
                0x0000000000018720                EV_DoFloor
                0x0000000000018b20                EV_BuildStairs
 *fill*         0x0000000000018d3d        0x3 
 .text          0x0000000000018d40      0xec0 build/p_inter.o
                0x0000000000018d40                P_GiveAmmo
                0x0000000000018e7d                P_GiveWeapon
                0x0000000000018f97                P_GiveBody
                0x0000000000018fc0                P_GiveArmor
                0x0000000000018fd6                P_GiveCard
                0x0000000000018ff3                P_GivePower
                0x000000000001907d                P_TouchSpecialThing
                0x0000000000019751                P_KillMobj
                0x0000000000019900                P_DamageMobj
 .text          0x0000000000019c00      0x429 build/p_lights.o
                0x0000000000019c00                T_FireFlicker
                0x0000000000019c37                P_SpawnFireFlicker
                0x0000000000019c94                T_LightFlash
                0x0000000000019cd1                P_SpawnLightFlash
                0x0000000000019d3f                T_StrobeFlash
                0x0000000000019d70                P_SpawnStrobeFlash
                0x0000000000019df9                EV_StartLightStrobing
                0x0000000000019e4d                EV_TurnTagLightsOff
                0x0000000000019edd                EV_LightTurnOn
                0x0000000000019f78                T_Glow
                0x0000000000019fc9                P_SpawnGlowingLight
 *fill*         0x000000000001a029        0x3 
 .text          0x000000000001a02c     0x1653 build/p_map.o
                0x000000000001a02c                PIT_StompThing
                0x000000000001a0a5                P_TeleportMove
                0x000000000001a241                PIT_CheckLine
                0x000000000001a408                PIT_CheckThing
                0x000000000001a5a8                P_CheckPosition
                0x000000000001a7b9                P_TryMove
                0x000000000001a937                P_ThingHeightClip
                0x000000000001a990                P_HitSlideLine
                0x000000000001aa7c                PTR_SlideTraverse
                0x000000000001ab42                P_SlideMove
                0x000000000001ad36                PTR_AimTraverse
                0x000000000001aeca                PTR_ShootTraverse
                0x000000000001b1da                P_AimLineAttack
                0x000000000001b288                P_LineAttack
                0x000000000001b30b                PTR_UseTraverse
                0x000000000001b376                P_UseLines
                0x000000000001b3c9                PIT_RadiusAttack
                0x000000000001b46d                P_RadiusAttack
                0x000000000001b51e                PIT_ChangeSector
                0x000000000001b607                P_ChangeSector
 *fill*         0x000000000001b67f        0x1 
 .text          0x000000000001b680      0xae6 build/p_maputl.o
                0x000000000001b680                P_AproxDistance
                0x000000000001b69b                P_PointOnLineSide
                0x000000000001b70e                P_BoxOnLineSide
                0x000000000001b7c7                P_PointOnDivlineSide
                0x000000000001b846                P_MakeDivline
                0x000000000001b859                P_InterceptVector
                0x000000000001b8d3                P_LineOpening
                0x000000000001b91b                P_UnsetThingPosition
                0x000000000001b9cb                P_SetThingPosition
                0x000000000001ba86                P_BlockLinesIterator
                0x000000000001bb4d                P_BlockThingsIterator
                0x000000000001bbb1                PIT_AddLineIntercepts
                0x000000000001bd1f                PIT_AddThingIntercepts
                0x000000000001bdfa                P_TraverseIntercepts
                0x000000000001be8c                P_PathTraverse
 *fill*         0x000000000001c166        0x2 
 .text          0x000000000001c168     0x11bb build/p_mobj.o
                0x000000000001c168                P_SetMobjState
                0x000000000001c1df                P_RemoveMobj
                0x000000000001c276                P_ExplodeMissile
                0x000000000001c2e3                P_XYMovement
                0x000000000001c5b4                P_ZMovement
                0x000000000001c766                P_NightmareRespawn
                0x000000000001c87d                P_SpawnMobj
                0x000000000001c9ca                P_MobjThinker
                0x000000000001ca83                P_RespawnSpecials
                0x000000000001cbb0                P_SpawnPlayer
                0x000000000001cd0f                P_SpawnMapThing
                0x000000000001cf3b                P_SpawnPuff
                0x000000000001cfca                P_SpawnBlood
                0x000000000001d05e                P_CheckMissileSpawn
                0x000000000001d0b7                P_SubstNullMobj
                0x000000000001d0e1                P_SpawnMissile
                0x000000000001d1f3                P_SpawnPlayerMissile
 *fill*         0x000000000001d323        0x1 
 .text          0x000000000001d324      0x4de build/p_plats.o
                0x000000000001d324                T_PlatRaise
                0x000000000001d45e                P_RemoveActivePlat
                0x000000000001d4b0                EV_DoPlat
                0x000000000001d756                P_ActivateInStasis
                0x000000000001d791                P_AddActivePlat
                0x000000000001d7c0                EV_StopPlat
 *fill*         0x000000000001d802        0x2 
 .text          0x000000000001d804      0xc58 build/p_pspr.o
                0x000000000001d804                P_SetPsprite
                0x000000000001d887                P_CalcSwing
                0x000000000001d8db                P_BringUpWeapon
                0x000000000001d93b                P_CheckAmmo
                0x000000000001da57                P_FireWeapon
                0x000000000001da9b                P_DropWeapon
                0x000000000001dab4                A_WeaponReady
                0x000000000001dbe3                A_ReFire
                0x000000000001dc12                A_CheckReload
                0x000000000001dc17                A_Lower
                0x000000000001dc55                A_Raise
                0x000000000001dc89                A_GunFlash
                0x000000000001dcba                A_Punch
                0x000000000001dd7d                A_Saw
                0x000000000001de8b                A_FireMissile
                0x000000000001dec7                A_FireBFG
                0x000000000001df04                A_FirePlasma
                0x000000000001df69                P_BulletSlope
                0x000000000001dfd8                P_GunShot
                0x000000000001e04c                A_FirePistol
                0x000000000001e0c8                A_FireShotgun
                0x000000000001e14a                A_FireShotgun2
                0x000000000001e254                A_FireCGun
                0x000000000001e31d                A_Light0
                0x000000000001e328                A_Light1
                0x000000000001e333                A_Light2
                0x000000000001e33e                A_BFGSpray
                0x000000000001e3d6                A_BFGsound
                0x000000000001e3e3                P_SetupPsprites
                0x000000000001e401                P_MovePsprites
 .text          0x000000000001e45c     0x1c38 build/p_saveg.o
                0x000000000001e45c                P_TempSaveGameFile
                0x000000000001e48c                P_SaveGameFile
                0x000000000001e518                P_WriteSaveGameHeader
                0x000000000001e660                P_ReadSaveGameHeader
                0x000000000001e7b4                P_ReadSaveGameEOF
                0x000000000001e7c5                P_WriteSaveGameEOF
                0x000000000001e7cf                P_ArchivePlayers
                0x000000000001eb59                P_UnArchivePlayers
                0x000000000001eee9                P_ArchiveWorld
                0x000000000001f121                P_UnArchiveWorld
                0x000000000001f379                P_ArchiveThinkers
                0x000000000001f5d3                P_UnArchiveThinkers
                0x000000000001f8cc                P_ArchiveSpecials
                0x000000000001fbf0                P_UnArchiveSpecials
 .text          0x0000000000020094      0xe76 build/p_setup.o
                0x0000000000020094                P_LoadVertexes
                0x0000000000020106                GetSectorAtNullAddress
                0x0000000000020184                P_LoadSegs
                0x00000000000202f9                P_LoadSubsectors
                0x000000000002038b                P_LoadSectors
                0x0000000000020477                P_LoadNodes
                0x000000000002053b                P_LoadThings
                0x00000000000205fc                P_LoadLineDefs
                0x00000000000207f9                P_LoadSideDefs
                0x00000000000208ea                P_LoadBlockMap
                0x0000000000020979                P_GroupLines
                0x0000000000020be0                P_SetupLevel
                0x0000000000020ef2                P_Init
 *fill*         0x0000000000020f0a        0x2 
 .text          0x0000000000020f0c      0x464 build/p_sight.o
                0x0000000000020f0c                P_DivlineSide
                0x0000000000020f6e                P_InterceptVector2
                0x0000000000020fe8                P_CrossSubsector
                0x00000000000211f2                P_CrossBSPNode
                0x0000000000021299                P_CheckSight
 .text          0x0000000000021370      0xfdf build/p_spec.o
                0x0000000000021370                P_InitPicAnims
                0x0000000000021461                getSide
                0x000000000002149a                getSector
                0x00000000000214d4                twoSided
                0x00000000000214f9                getNextSector
                0x0000000000021511                P_FindLowestFloorSurrounding
                0x000000000002154e                P_FindHighestFloorSurrounding
                0x0000000000021594                P_FindNextHighestFloor
                0x0000000000021653                P_FindLowestCeilingSurrounding
                0x000000000002169a                P_FindHighestCeilingSurrounding
                0x00000000000216db                P_FindSectorFromLineTag
                0x0000000000021723                P_FindMinSurroundingLight
                0x0000000000021762                P_CrossSpecialLine
                0x0000000000021ba7                P_ShootSpecialLine
                0x0000000000021c1d                P_PlayerInSpecialSector
                0x0000000000021d12                P_UpdateSpecials
                0x0000000000021e96                EV_DoDonut
                0x0000000000022169                P_SpawnSpecials
 *fill*         0x000000000002234f        0x1 
 .text          0x0000000000022350      0x5de build/p_switch.o
                0x0000000000022350                P_InitSwitchList
                0x00000000000223fc                P_StartButton
                0x0000000000022464                P_ChangeSwitchTexture
                0x00000000000225bb                P_UseSpecialLine
 *fill*         0x000000000002292e        0x2 
 .text          0x0000000000022930      0x1af build/p_telept.o
                0x0000000000022930                EV_Teleport
 *fill*         0x0000000000022adf        0x1 
 .text          0x0000000000022ae0      0x137 build/p_tick.o
                0x0000000000022ae0                P_InitThinkers
                0x0000000000022af6                P_AddThinker
                0x0000000000022b17                P_RemoveThinker
                0x0000000000022b20                P_AllocateThinker
                0x0000000000022b21                P_RunThinkers
                0x0000000000022b75                P_Ticker
 *fill*         0x0000000000022c17        0x1 
 .text          0x0000000000022c18      0x4df build/p_user.o
                0x0000000000022c18                P_Thrust
                0x0000000000022c5c                P_CalcHeight
                0x0000000000022d76                P_MovePlayer
                0x0000000000022e0d                P_DeathThink
                0x0000000000022ed9                P_PlayerThink
 *fill*         0x00000000000230f7        0x1 
 .text          0x00000000000230f8      0x562 build/r_bsp.o
                0x00000000000230f8                R_ClearDrawSegs
                0x0000000000023107                R_ClipSolidWallSegment
                0x00000000000231f2                R_ClipPassWallSegment
                0x0000000000023257                R_ClearClipSegs
                0x000000000002328a                R_AddLine
                0x00000000000233a7                R_CheckBBox
                0x00000000000234ce                R_Subsector
                0x00000000000235bb                R_RenderBSPNode
 *fill*         0x000000000002365a        0x2 
 .text          0x000000000002365c      0xeed build/r_data.o
                0x000000000002365c                R_DrawColumnInCache
                0x00000000000236ce                R_GenerateComposite
                0x000000000002380d                R_GenerateLookup
                0x00000000000239b9                R_GetColumn
                0x0000000000023a2a                R_InitTextures
                0x0000000000023f76                R_InitFlats
                0x0000000000023fe7                R_InitSpriteLumps
                0x00000000000240e0                R_InitColormaps
                0x0000000000024102                R_InitData
                0x0000000000024151                R_FlatNumForName
                0x0000000000024196                R_CheckTextureNumForName
                0x00000000000241f1                R_TextureNumForName
                0x000000000002421f                R_PrecacheLevel
 *fill*         0x0000000000024549        0x3 
 .text          0x000000000002454c      0xc83 build/r_draw.o
                0x000000000002454c                R_DrawColumn
                0x000000000002460f                R_DrawColumnLow
                0x00000000000246e8                R_DrawFuzzColumn
                0x00000000000247d8                R_DrawFuzzColumnLow
                0x00000000000248fb                R_DrawTranslatedColumn
                0x00000000000249c7                R_DrawTranslatedColumnLow
                0x0000000000024ac6                R_InitTranslationTables
                0x0000000000024b55                R_DrawSpan
                0x0000000000024c3f                R_DrawSpanLow
                0x0000000000024d54                R_InitBuffer
                0x0000000000024dda                R_FillBackScreen
                0x000000000002508d                R_VideoErase
                0x00000000000250b4                R_DrawViewBorder
 *fill*         0x00000000000251cf        0x1 
 .text          0x00000000000251d0      0xbc6 build/r_main.o
                0x00000000000251d0                R_AddPointToBox
                0x00000000000251ef                R_PointOnSide
                0x0000000000025266                R_PointOnSegSide
                0x00000000000252ec                R_PointToAngle
                0x0000000000025403                R_PointToAngle2
                0x0000000000025418                R_PointToDist
                0x0000000000025477                R_InitPointToAngle
                0x0000000000025478                R_ScaleFromGlobalAngle
                0x00000000000254fe                R_InitTables
                0x00000000000254ff                R_InitTextureMapping
                0x0000000000025621                R_InitLightTables
                0x00000000000256d3                R_SetViewSize
                0x00000000000256ea                R_ExecuteSetViewSize
                0x0000000000025b72                R_Init
                0x0000000000025bfc                R_PointInSubsector
                0x0000000000025c73                R_SetupFrame
                0x0000000000025d4d                R_RenderPlayerView
 *fill*         0x0000000000025d96        0x2 
 .text          0x0000000000025d98      0x9ad build/r_plane.o
                0x0000000000025d98                R_InitPlanes
                0x0000000000025d99                R_MapPlane
                0x0000000000025f7b                R_ClearPlanes
                0x000000000002620a                R_FindPlane
                0x00000000000262c8                R_CheckPlane
                0x0000000000026352                R_MakeSpans
                0x00000000000264a5                R_DrawPlanes
 *fill*         0x0000000000026745        0x3 
 .text          0x0000000000026748      0xe5b build/r_segs.o
                0x0000000000026748                R_RenderMaskedSegRange
                0x000000000002699c                R_RenderSegLoop
                0x0000000000026d35                R_StoreWallRange
 *fill*         0x00000000000275a3        0x1 
 .text          0x00000000000275a4        0xb build/r_sky.o
                0x00000000000275a4                R_InitSkyMap
 *fill*         0x00000000000275af        0x1 
 .text          0x00000000000275b0     0x1146 build/r_things.o
                0x00000000000275b0                R_InstallSpriteLump
                0x00000000000276fb                R_InitSpriteDefs
                0x00000000000279d1                R_InitSprites
                0x00000000000279f4                R_ClearSprites
                0x0000000000027a03                R_NewVisSprite
                0x0000000000027a2a                R_DrawMaskedColumn
                0x0000000000027b47                R_DrawVisSprite
                0x0000000000027caa                R_ProjectSprite
                0x0000000000027fc9                R_AddSprites
                0x0000000000028033                R_DrawPSprite
                0x0000000000028235                R_DrawPlayerSprites
                0x00000000000282d5                R_SortVisSprites
                0x00000000000283c4                R_DrawSprite
                0x0000000000028660                R_DrawMasked
 *fill*         0x00000000000286f6        0x2 
 .text          0x00000000000286f8     0x133a build/sha1.o
                0x00000000000286f8                SHA1_Init
                0x0000000000028713                SHA1_Update
                0x00000000000298b3                SHA1_Final
                0x00000000000299f1                SHA1_UpdateInt32
                0x0000000000029a0a                SHA1_UpdateString
 *fill*         0x0000000000029a32        0x2 
 .text          0x0000000000029a34       0x27 build/statdump.o
                0x0000000000029a34                StatCopy
                0x0000000000029a5a                StatDump
 *fill*         0x0000000000029a5b        0x1 
 .text          0x0000000000029a5c      0x3f2 build/st_lib.o
                0x0000000000029a5c                STlib_init
                0x0000000000029a77                STlib_initNum
                0x0000000000029a97                STlib_drawNum
                0x0000000000029c23                STlib_updateNum
                0x0000000000029c31                STlib_initPercent
                0x0000000000029c54                STlib_updatePercent
                0x0000000000029c87                STlib_initMultIcon
                0x0000000000029ca0                STlib_updateMultIcon
                0x0000000000029d78                STlib_initBinIcon
                0x0000000000029d91                STlib_updateBinIcon
 *fill*         0x0000000000029e4e        0x2 
 .text          0x0000000000029e50     0x1ac7 build/st_stuff.o
                0x0000000000029e50                ST_refreshBackground
                0x0000000000029ec1                ST_Responder
                0x000000000002a3b6                ST_calcPainOffset
                0x000000000002a405                ST_updateFaceWidget
                0x000000000002a913                ST_updateWidgets
                0x000000000002a9fd                ST_Ticker
                0x000000000002aa26                ST_doPaletteStuff
                0x000000000002aaf0                ST_drawWidgets
                0x000000000002abfc                ST_doRefresh
                0x000000000002ac17                ST_diffDraw
                0x000000000002ac1e                ST_Drawer
                0x000000000002ac79                ST_loadGraphics
                0x000000000002b01d                ST_loadData
                0x000000000002b036                ST_unloadGraphics
                0x000000000002b3ad                ST_unloadData
                0x000000000002b3b2                ST_initData
                0x000000000002b446                ST_createWidgets
                0x000000000002b809                ST_Start
                0x000000000002b8ba                ST_Stop
                0x000000000002b8e5                ST_Init
 *fill*         0x000000000002b917        0x1 
 .text          0x000000000002b918      0x7b5 build/s_sound.o
                0x000000000002b918                S_Init
                0x000000000002b9d5                S_SetSfxVolume
                0x000000000002b9f8                S_SetMusicVolume
                0x000000000002ba1b                S_Shutdown
                0x000000000002ba27                S_Start
                0x000000000002bb21                S_ChangeMusic
                0x000000000002bbf8                S_StopSound
                0x000000000002bc2f                S_StartSound
                0x000000000002bf52                S_PauseSound
                0x000000000002bf74                S_ResumeSound
                0x000000000002bf96                S_UpdateSounds
                0x000000000002c06e                S_StartMusic
                0x000000000002c075                S_StopMusic
                0x000000000002c0c8                S_MusicPlaying
 *fill*         0x000000000002c0cd        0x3 
 .text          0x000000000002c0d0       0x26 build/tables.o
                0x000000000002c0d0                SlopeDiv
 *fill*         0x000000000002c0f6        0x2 
 .text          0x000000000002c0f8      0xf2f build/v_video.o
                0x000000000002c0f8                V_MarkRect
                0x000000000002c159                V_CopyRect
                0x000000000002c23e                V_SetPatchClipCallback
                0x000000000002c246                V_DrawPatch
                0x000000000002c380                V_DrawPatchFlipped
                0x000000000002c4a5                V_DrawPatchDirect
                0x000000000002c4aa                V_DrawTLPatch
                0x000000000002c5b7                V_DrawXlaPatch
                0x000000000002c69e                V_DrawAltTLPatch
                0x000000000002c7ab                V_DrawShadowedPatch
                0x000000000002c8d1                V_LoadTintTable
                0x000000000002c8ec                V_LoadXlaTable
                0x000000000002c907                V_DrawBlock
                0x000000000002c9ab                V_DrawFilledBox
                0x000000000002ca03                V_DrawHorizLine
                0x000000000002ca2f                V_DrawVertLine
                0x000000000002ca59                V_DrawBox
                0x000000000002cb27                V_DrawRawScreen
                0x000000000002cb3b                V_Init
                0x000000000002cb3c                V_UseBuffer
                0x000000000002cb44                V_RestoreBuffer
                0x000000000002cb56                WritePCXfile
                0x000000000002cc63                V_ScreenShot
                0x000000000002ccf2                V_DrawMouseSpeedBox
 *fill*         0x000000000002d027        0x1 
 .text          0x000000000002d028     0x24c4 build/wi_stuff.o
                0x000000000002d028                WI_slamBackground
                0x000000000002d038                WI_Responder
                0x000000000002d03b                WI_drawLF
                0x000000000002d112                WI_drawEL
                0x000000000002d17e                WI_drawOnLnode
                0x000000000002d241                WI_initAnimatedBack
                0x000000000002d30e                WI_updateAnimatedBack
                0x000000000002d43a                WI_drawAnimatedBack
                0x000000000002d4b9                WI_drawNum
                0x000000000002d5a0                WI_drawPercent
                0x000000000002d5d1                WI_drawTime
                0x000000000002d694                WI_End
                0x000000000002d699                WI_unloadData
                0x000000000002db08                WI_initNoState
                0x000000000002db24                WI_updateNoState
                0x000000000002db3a                WI_initShowNextLoc
                0x000000000002db5a                WI_updateShowNextLoc
                0x000000000002dba9                WI_drawShowNextLoc
                0x000000000002dc78                WI_drawNoState
                0x000000000002dc87                WI_fragSum
                0x000000000002dccc                WI_initDeathmatchStats
                0x000000000002dd7d                WI_updateDeathmatchStats
                0x000000000002dfad                WI_drawDeathmatchStats
                0x000000000002e1ab                WI_initNetgameStats
                0x000000000002e25f                WI_updateNetgameStats
                0x000000000002e622                WI_drawNetgameStats
                0x000000000002e8da                WI_initStats
                0x000000000002e927                WI_updateStats
                0x000000000002ec75                WI_drawStats
                0x000000000002ed98                WI_checkForAccelerate
                0x000000000002ee03                WI_Ticker
                0x000000000002ee89                WI_loadData
                0x000000000002f3b3                WI_Drawer
                0x000000000002f400                WI_initVariables
                0x000000000002f46f                WI_Start
 .text          0x000000000002f4ec      0x12a build/w_checksum.o
                0x000000000002f4ec                W_Checksum
 *fill*         0x000000000002f616        0x2 
 .text          0x000000000002f618       0x2c build/w_file.o
                0x000000000002f618                W_OpenFile
                0x000000000002f635                W_CloseFile
                0x000000000002f63b                W_Read
 .text          0x000000000002f644       0x90 build/w_main.o
                0x000000000002f644                W_ParseCommandLine
 .text          0x000000000002f6d4      0x6ff build/w_wad.o
                0x000000000002f6d4                W_LumpNameHash
                0x000000000002f707                W_AddFile
                0x000000000002f989                W_NumLumps
                0x000000000002f990                W_CheckNumForName
                0x000000000002fa53                W_GetNumForName
                0x000000000002fa80                W_LumpLength
                0x000000000002faae                W_ReadLump
                0x000000000002fb28                W_CacheLumpNum
                0x000000000002fbef                W_CacheLumpName
                0x000000000002fc01                W_ReleaseLumpNum
                0x000000000002fc54                W_ReleaseLumpName
                0x000000000002fc62                W_GenerateHashTable
                0x000000000002fd49                W_CheckCorrectIWAD
 *fill*         0x000000000002fdd3        0x1 
 .text          0x000000000002fdd4      0x62b build/z_zone.o
                0x000000000002fdd4                Z_ClearZone
                0x000000000002fe0b                Z_Init
                0x000000000002fe62                Z_Free
                0x000000000002ff05                Z_Malloc
                0x000000000003002a                Z_FreeTags
                0x000000000003007d                Z_DumpHeap
                0x0000000000030166                Z_FileDumpHeap
                0x0000000000030299                Z_CheckHeap
                0x000000000003033c                Z_ChangeTag2
                0x0000000000030399                Z_ChangeUser
                0x00000000000303c9                Z_FreeMemory
                0x00000000000303f5                Z_ZoneSize
 *fill*         0x00000000000303ff        0x1 
 .text          0x0000000000030400       0xa6 build/w_file_stdc.o
                0x0000000000030400                W_StdC_Read
 *fill*         0x00000000000304a6        0x2 
 .text          0x00000000000304a8      0x11f build/i_input.o
                0x00000000000304a8                I_GetEvent
                0x00000000000305c6                I_InitInput
 *fill*         0x00000000000305c7        0x1 
 .text          0x00000000000305c8      0x45d build/i_video.o
                0x00000000000305c8                cmap_to_rgb565
                0x0000000000030628                cmap_to_fb
                0x0000000000030714                I_InitGraphics
                0x0000000000030896                I_ShutdownGraphics
                0x00000000000308a2                I_StartFrame
                0x00000000000308a3                I_StartTic
                0x00000000000308a8                I_UpdateNoBlit
                0x00000000000308a9                I_FinishUpdate
                0x0000000000030969                I_ReadScreen
                0x000000000003097a                I_SetPalette
                0x00000000000309cc                I_GetPaletteIndex
                0x0000000000030a18                I_BeginRead
                0x0000000000030a19                I_EndRead
                0x0000000000030a1a                I_SetWindowTitle
                0x0000000000030a1f                I_GraphicsCheckCommandLine
                0x0000000000030a20                I_SetGrabMouseCallback
                0x0000000000030a21                I_EnableLoadingDisk
                0x0000000000030a22                I_BindVideoVariables
                0x0000000000030a23                I_DisplayFPSDots
                0x0000000000030a24                I_CheckIsScreensaver
 *fill*         0x0000000000030a25        0x3 
 .text          0x0000000000030a28       0x37 build/doomgeneric.o
                0x0000000000030a28                doomgeneric_Create
 *fill*         0x0000000000030a5f        0x1 
 .text          0x0000000000030a60     0x3916 build/doomgeneric_opssat.o
                0x0000000000030a60                stbi_flip_vertically_on_write
                0x0000000000030a67                stbi_write_bmp_to_func
                0x0000000000030b95                stbi_write_bmp
                0x0000000000030c23                stbi_write_tga_to_func
                0x0000000000031076                stbi_write_tga
                0x0000000000031104                stbi_write_hdr_to_func
                0x000000000003161f                stbi_write_hdr
                0x00000000000316ad                stbi_zlib_compress
                0x000000000003221e                stbi_write_png_to_mem
                0x00000000000328d2                stbi_write_png
                0x0000000000032954                stbi_write_png_to_func
                0x00000000000329a7                stbi_write_jpg_to_func
                0x000000000003365e                stbi_write_jpg
                0x00000000000336f2                BGRtoRGB
                0x0000000000033720                convertBGRtoRGB
                0x0000000000033757                DG_Init
                0x0000000000033763                DG_DrawFrame
                0x00000000000337c5                DG_SleepMs
                0x00000000000337c6                DG_GetTicksMs
                0x00000000000337d8                DG_GetKey
                0x00000000000337db                DG_SetWindowTitle
                0x00000000000337e7                main
 *(.gnu.warning)

.fini           0x0000000000034378        0xd
 *(SORT_NONE(.fini))
 .fini          0x0000000000034378        0x8 /lib/x86_64-linux-gnu/crti.o
                0x0000000000034378                _fini
 .fini          0x0000000000034380        0x5 /lib/x86_64-linux-gnu/crtn.o
                [!provide]                        PROVIDE (__etext = .)
                [!provide]                        PROVIDE (_etext = .)
                [!provide]                        PROVIDE (etext = .)
                0x0000000000035000                . = ALIGN (CONSTANT (MAXPAGESIZE))
                0x0000000000035000                . = SEGMENT_START ("rodata-segment", (ALIGN (CONSTANT (MAXPAGESIZE)) + (. & (CONSTANT (MAXPAGESIZE) - 0x1))))

.rodata         0x0000000000035000    0x1a170
 *(.rodata .rodata.* .gnu.linkonce.r.*)
 .rodata.str1.1
                0x0000000000035000       0x67 build/am_map.o
 *fill*         0x0000000000035067        0x9 
 .rodata.cst32  0x0000000000035070       0x20 build/am_map.o
 .rodata.cst16  0x0000000000035090       0x10 build/am_map.o
 .rodata.str1.1
                0x00000000000350a0      0x328 build/dstrings.o
 .rodata.str1.1
                0x00000000000353c8      0x1b6 build/d_iwad.o
                                        0x1d3 (size before relaxing)
 .rodata.str1.1
                0x000000000003557e       0x6e build/d_loop.o
 *fill*         0x00000000000355ec        0x4 
 .rodata        0x00000000000355f0       0xf4 build/d_main.o
 *fill*         0x00000000000356e4        0xc 
 .rodata.cst16  0x00000000000356f0       0x10 build/d_main.o
 .rodata.str1.1
                0x0000000000035700      0x947 build/d_main.o
                                        0x995 (size before relaxing)
 *fill*         0x0000000000036047        0x9 
 .rodata        0x0000000000036050      0x160 build/d_mode.o
 .rodata.str1.1
                0x00000000000361b0       0x1a build/d_mode.o
                                         0x3c (size before relaxing)
 .rodata.str1.1
                0x00000000000361ca      0x155 build/d_net.o
                                        0x16d (size before relaxing)
 *fill*         0x000000000003631f        0x1 
 .rodata        0x0000000000036320       0x10 build/f_finale.o
 .rodata.str1.1
                0x0000000000036330     0x1ef5 build/f_finale.o
                                       0x1f08 (size before relaxing)
 *fill*         0x0000000000038225        0xb 
 .rodata        0x0000000000038230       0xec build/g_game.o
 *fill*         0x000000000003831c        0x4 
 .rodata.cst16  0x0000000000038320       0x20 build/g_game.o
 .rodata.cst4   0x0000000000038340        0x4 build/g_game.o
 .rodata.str1.1
                0x0000000000038344      0x348 build/g_game.o
                                        0x369 (size before relaxing)
 .rodata        0x000000000003868c       0x10 build/hu_stuff.o
 .rodata.str1.1
                0x000000000003869c      0xc0f build/hu_stuff.o
 .rodata.str1.1
                0x00000000000392ab      0x2a3 build/info.o
                                        0x2b2 (size before relaxing)
 .rodata.str1.1
                0x000000000003954e       0xa7 build/i_joystick.o
 .rodata.str1.1
                0x00000000000395f5       0x9e build/i_sound.o
                                         0x9f (size before relaxing)
 .rodata.str1.1
                0x0000000000039693      0x211 build/i_system.o
 .rodata        0x00000000000398a4       0x1e build/i_system.o
 *fill*         0x00000000000398c2        0xe 
 .rodata.cst16  0x00000000000398d0       0x10 build/m_bbox.o
 .rodata        0x00000000000398e0      0x220 build/m_config.o
 .rodata.str1.1
                0x0000000000039b00      0xa6e build/m_config.o
                                        0xc1c (size before relaxing)
 .rodata.str1.1
                0x000000000003a56e       0x16 build/m_controls.o
                                        0x630 (size before relaxing)
 .rodata.str1.1
                0x000000000003a584      0x3f7 build/m_menu.o
                                        0x40f (size before relaxing)
 *fill*         0x000000000003a97b        0x1 
 .rodata        0x000000000003a97c       0x10 build/m_menu.o
 .rodata.str1.1
                0x000000000003a98c       0xde build/m_misc.o
                                         0xec (size before relaxing)
 *fill*         0x000000000003aa6a        0x6 
 .rodata        0x000000000003aa70      0x100 build/m_random.o
 .rodata        0x000000000003ab70       0x30 build/p_ceilng.o
 .rodata        0x000000000003aba0       0x50 build/p_doors.o
 .rodata.str1.1
                0x000000000003abf0      0x137 build/p_doors.o
 *fill*         0x000000000003ad27        0x1 
 .rodata        0x000000000003ad28       0x10 build/p_enemy.o
 .rodata.str1.1
                0x000000000003ad38       0x3b build/p_enemy.o
 *fill*         0x000000000003ad73        0x1 
 .rodata        0x000000000003ad74       0x34 build/p_floor.o
 .rodata        0x000000000003ada8       0xc4 build/p_inter.o
 .rodata.str1.1
                0x000000000003ae6c      0x3d7 build/p_inter.o
 .rodata.str1.1
                0x000000000003b243       0x72 build/p_map.o
 *fill*         0x000000000003b2b5        0x3 
 .rodata        0x000000000003b2b8       0x10 build/p_maputl.o
 .rodata.str1.1
                0x000000000003b2c8       0x2d build/p_mobj.o
 *fill*         0x000000000003b2f5        0x3 
 .rodata        0x000000000003b2f8       0x14 build/p_plats.o
 .rodata.str1.1
                0x000000000003b30c       0x45 build/p_plats.o
 *fill*         0x000000000003b351        0x3 
 .rodata        0x000000000003b354       0x20 build/p_saveg.o
 .rodata.str1.1
                0x000000000003b374       0xc3 build/p_saveg.o
                                         0xe1 (size before relaxing)
 .rodata.str1.1
                0x000000000003b437       0x5a build/p_setup.o
 .rodata.str1.1
                0x000000000003b491       0x28 build/p_sight.o
 *fill*         0x000000000003b4b9        0x3 
 .rodata        0x000000000003b4bc      0x2a8 build/p_spec.o
 .rodata.str1.1
                0x000000000003b764      0x242 build/p_spec.o
 *fill*         0x000000000003b9a6        0x2 
 .rodata        0x000000000003b9a8      0x230 build/p_switch.o
 .rodata.str1.1
                0x000000000003bbd8       0x25 build/p_switch.o
 .rodata.str1.1
                0x000000000003bbfd       0x23 build/r_bsp.o
 .rodata.str1.1
                0x000000000003bc20      0x120 build/r_data.o
                                        0x12e (size before relaxing)
 .rodata.str1.1
                0x000000000003bd40       0xa6 build/r_draw.o
 *fill*         0x000000000003bde6        0xa 
 .rodata.cst16  0x000000000003bdf0       0x60 build/r_main.o
 .rodata.cst16  0x000000000003be50       0x60 build/r_plane.o
 .rodata.str1.1
                0x000000000003be50       0xa6 build/r_plane.o
 .rodata.str1.1
                0x000000000003bef6       0x20 build/r_segs.o
 .rodata.str1.1
                0x000000000003bf16      0x1d2 build/r_things.o
 *fill*         0x000000000003c0e8        0x8 
 .rodata.cst16  0x000000000003c0f0       0x10 build/sha1.o
 .rodata.str1.1
                0x000000000003c100      0x186 build/sounds.o
                                        0x191 (size before relaxing)
 .rodata.str1.1
                0x000000000003c286        0xa build/statdump.o
 .rodata.str1.1
                0x000000000003c286       0x5b build/st_lib.o
 .rodata.str1.1
                0x000000000003c2e1      0x1b1 build/st_stuff.o
                                        0x1b9 (size before relaxing)
 *fill*         0x000000000003c492        0xe 
 .rodata        0x000000000003c4a0       0x24 build/s_sound.o
 .rodata.str1.1
                0x000000000003c4c4       0x69 build/s_sound.o
 *fill*         0x000000000003c52d        0x3 
 .rodata        0x000000000003c530    0x10510 build/tables.o
                0x000000000003c530                finetangent
                0x0000000000040530                finesine
                0x000000000004a530                tantoangle
                0x000000000004c540                gammatable
 .rodata.cst4   0x000000000004ca40        0x4 build/v_video.o
 *fill*         0x000000000004ca44        0xc 
 .rodata.cst16  0x000000000004ca50       0x10 build/v_video.o
 .rodata.cst8   0x000000000004ca60        0x8 build/v_video.o
 .rodata.str1.1
                0x000000000004ca68      0x100 build/v_video.o
                                        0x108 (size before relaxing)
 *fill*         0x000000000004cb68        0x8 
 .rodata        0x000000000004cb70      0x170 build/wi_stuff.o
 .rodata.str1.1
                0x000000000004cce0       0xf9 build/wi_stuff.o
                                        0x10b (size before relaxing)
 *fill*         0x000000000004cdd9        0x7 
 .rodata.str4.16
                0x000000000004cde0       0x10 build/wi_stuff.o
 .rodata.str1.1
                0x000000000004cdf0        0x6 build/w_file.o
 .rodata.str1.1
                0x000000000004cdf6        0x6 build/w_main.o
                                         0x12 (size before relaxing)
 .rodata.str1.1
                0x000000000004cdfc      0x1d2 build/w_wad.o
                                        0x1d6 (size before relaxing)
 .rodata.str1.1
                0x000000000004cfce      0x323 build/z_zone.o
 .rodata.str1.1
                0x000000000004d2f1        0x3 build/w_file_stdc.o
 *fill*         0x000000000004d2f1        0xf 
 .rodata        0x000000000004d300       0x80 build/i_input.o
 .rodata.str1.1
                0x000000000004d380      0x15b build/i_video.o
 *fill*         0x000000000004d4db        0x5 
 .rodata        0x000000000004d4e0     0x199c build/doomgeneric_opssat.o
 *fill*         0x000000000004ee7c        0x4 
 .rodata.cst16  0x000000000004ee80       0x20 build/doomgeneric_opssat.o
 .rodata.cst4   0x000000000004eea0       0x3c build/doomgeneric_opssat.o
 .rodata.cst8   0x000000000004eedc        0x8 build/doomgeneric_opssat.o
 .rodata.str1.1
                0x000000000004eee4      0x21b build/doomgeneric_opssat.o
                                        0x222 (size before relaxing)
 *fill*         0x000000000004f0ff        0x1 
 .rodata.str1.16
                0x000000000004f100       0x42 build/doomgeneric_opssat.o
 *fill*         0x000000000004f142        0xe 
 .rodata.cst32  0x000000000004f150       0x20 build/doomgeneric_opssat.o

.rodata1
 *(.rodata1)

.eh_frame_hdr   0x000000000004f170     0x1b34
 *(.eh_frame_hdr)
 .eh_frame_hdr  0x000000000004f170     0x1b34 /lib/x86_64-linux-gnu/Scrt1.o
                0x000000000004f170                __GNU_EH_FRAME_HDR
 *(.eh_frame_entry .eh_frame_entry.*)

.eh_frame       0x0000000000050ca8     0x8e78
 *(.eh_frame)
 .eh_frame      0x0000000000050ca8       0x30 /lib/x86_64-linux-gnu/Scrt1.o
                                         0x2c (size before relaxing)
 *fill*         0x0000000000050cd8        0x0 
 .eh_frame      0x0000000000050cd8       0x28 /lib/x86_64-linux-gnu/Scrt1.o
                                         0x40 (size before relaxing)
 .eh_frame      0x0000000000050d00       0x18 /lib/x86_64-linux-gnu/Scrt1.o
                                         0x30 (size before relaxing)
 .eh_frame      0x0000000000050d18        0x0 build/dummy.o
                                         0x30 (size before relaxing)
 .eh_frame      0x0000000000050d18      0x5a0 build/am_map.o
                                        0x5b8 (size before relaxing)
 .eh_frame      0x00000000000512b8       0x28 build/d_event.o
                                         0x40 (size before relaxing)
 .eh_frame      0x00000000000512e0      0x158 build/d_iwad.o
                                        0x170 (size before relaxing)
 .eh_frame      0x0000000000051438      0x138 build/d_loop.o
                                        0x150 (size before relaxing)
 .eh_frame      0x0000000000051570      0x278 build/d_main.o
                                        0x290 (size before relaxing)
 .eh_frame      0x00000000000517e8       0x90 build/d_mode.o
                                         0xa8 (size before relaxing)
 .eh_frame      0x0000000000051878       0xb8 build/d_net.o
                                         0xd0 (size before relaxing)
 .eh_frame      0x0000000000051930      0x1e8 build/f_finale.o
                                        0x200 (size before relaxing)
 .eh_frame      0x0000000000051b18      0x1a8 build/f_wipe.o
                                        0x1c0 (size before relaxing)
 .eh_frame      0x0000000000051cc0      0x5d8 build/g_game.o
                                        0x5f0 (size before relaxing)
 .eh_frame      0x0000000000052298      0x278 build/hu_lib.o
                                        0x290 (size before relaxing)
 .eh_frame      0x0000000000052510      0x178 build/hu_stuff.o
                                        0x190 (size before relaxing)
 .eh_frame      0x0000000000052688        0x0 build/i_cdmus.o
                                         0xd0 (size before relaxing)
 .eh_frame      0x0000000000052688       0x18 build/i_endoom.o
                                         0x30 (size before relaxing)
 .eh_frame      0x00000000000526a0       0x78 build/i_joystick.o
                                         0x90 (size before relaxing)
 .eh_frame      0x0000000000052718        0x0 build/i_scale.o
                                        0x390 (size before relaxing)
 .eh_frame      0x0000000000052718      0x198 build/i_sound.o
                                        0x1b0 (size before relaxing)
 .eh_frame      0x00000000000528b0      0x188 build/i_system.o
                                        0x1a0 (size before relaxing)
 .eh_frame      0x0000000000052a38       0x80 build/i_timer.o
                                         0x98 (size before relaxing)
 .eh_frame      0x0000000000052ab8        0x0 build/memio.o
                                        0x128 (size before relaxing)
 .eh_frame      0x0000000000052ab8       0x98 build/m_argv.o
                                         0xb0 (size before relaxing)
 .eh_frame      0x0000000000052b50       0x28 build/m_bbox.o
                                         0x40 (size before relaxing)
 .eh_frame      0x0000000000052b78       0x50 build/m_cheat.o
                                         0x68 (size before relaxing)
 .eh_frame      0x0000000000052bc8      0x190 build/m_config.o
                                        0x1a8 (size before relaxing)
 .eh_frame      0x0000000000052d58      0x130 build/m_controls.o
                                        0x148 (size before relaxing)
 .eh_frame      0x0000000000052e88       0x28 build/m_fixed.o
                                         0x40 (size before relaxing)
 .eh_frame      0x0000000000052eb0      0x6b8 build/m_menu.o
                                        0x6d0 (size before relaxing)
 .eh_frame      0x0000000000053568      0x378 build/m_misc.o
                                        0x390 (size before relaxing)
 .eh_frame      0x00000000000538e0       0x40 build/m_random.o
                                         0x58 (size before relaxing)
 .eh_frame      0x0000000000053920       0xf0 build/p_ceilng.o
                                        0x108 (size before relaxing)
 .eh_frame      0x0000000000053a10      0x120 build/p_doors.o
                                        0x138 (size before relaxing)
 .eh_frame      0x0000000000053b30      0xa70 build/p_enemy.o
                                        0xa88 (size before relaxing)
 .eh_frame      0x00000000000545a0      0x108 build/p_floor.o
                                        0x120 (size before relaxing)
 .eh_frame      0x00000000000546a8      0x198 build/p_inter.o
                                        0x1b0 (size before relaxing)
 .eh_frame      0x0000000000054840      0x1d0 build/p_lights.o
                                        0x1e8 (size before relaxing)
 .eh_frame      0x0000000000054a10      0x420 build/p_map.o
                                        0x438 (size before relaxing)
 .eh_frame      0x0000000000054e30      0x308 build/p_maputl.o
                                        0x320 (size before relaxing)
 .eh_frame      0x0000000000055138      0x408 build/p_mobj.o
                                        0x420 (size before relaxing)
 .eh_frame      0x0000000000055540      0x100 build/p_plats.o
                                        0x118 (size before relaxing)
 .eh_frame      0x0000000000055640      0x440 build/p_pspr.o
                                        0x458 (size before relaxing)
 .eh_frame      0x0000000000055a80      0x438 build/p_saveg.o
                                        0x450 (size before relaxing)
 .eh_frame      0x0000000000055eb8      0x290 build/p_setup.o
                                        0x2a8 (size before relaxing)
 .eh_frame      0x0000000000056148      0x110 build/p_sight.o
                                        0x128 (size before relaxing)
 .eh_frame      0x0000000000056258      0x318 build/p_spec.o
                                        0x330 (size before relaxing)
 .eh_frame      0x0000000000056570       0xd8 build/p_switch.o
                                         0xf0 (size before relaxing)
 .eh_frame      0x0000000000056648       0x50 build/p_telept.o
                                         0x68 (size before relaxing)
 .eh_frame      0x0000000000056698       0xa8 build/p_tick.o
                                         0xc0 (size before relaxing)
 .eh_frame      0x0000000000056740       0xc0 build/p_user.o
                                         0xd8 (size before relaxing)
 .eh_frame      0x0000000000056800      0x190 build/r_bsp.o
                                        0x1a8 (size before relaxing)
 .eh_frame      0x0000000000056990      0x290 build/r_data.o
                                        0x2a8 (size before relaxing)
 .eh_frame      0x0000000000056c20      0x220 build/r_draw.o
                                        0x238 (size before relaxing)
 .eh_frame      0x0000000000056e40      0x268 build/r_main.o
                                        0x280 (size before relaxing)
 .eh_frame      0x00000000000570a8      0x178 build/r_plane.o
                                        0x190 (size before relaxing)
 .eh_frame      0x0000000000057220       0xe8 build/r_segs.o
                                        0x100 (size before relaxing)
 .eh_frame      0x0000000000057308       0x18 build/r_sky.o
                                         0x30 (size before relaxing)
 .eh_frame      0x0000000000057320      0x2e8 build/r_things.o
                                        0x300 (size before relaxing)
 .eh_frame      0x0000000000057608      0x118 build/sha1.o
                                        0x130 (size before relaxing)
 .eh_frame      0x0000000000057720       0x30 build/statdump.o
                                         0x48 (size before relaxing)
 .eh_frame      0x0000000000057750      0x190 build/st_lib.o
                                        0x1a8 (size before relaxing)
 .eh_frame      0x00000000000578e0      0x2e0 build/st_stuff.o
                                        0x2f8 (size before relaxing)
 .eh_frame      0x0000000000057bc0      0x270 build/s_sound.o
                                        0x288 (size before relaxing)
 .eh_frame      0x0000000000057e30       0x18 build/tables.o
                                         0x30 (size before relaxing)
 .eh_frame      0x0000000000057e48      0x460 build/v_video.o
                                        0x478 (size before relaxing)
 .eh_frame      0x00000000000582a8      0x668 build/wi_stuff.o
                                        0x680 (size before relaxing)
 .eh_frame      0x0000000000058910       0x50 build/w_checksum.o
                                         0x68 (size before relaxing)
 .eh_frame      0x0000000000058960       0x48 build/w_file.o
                                         0x60 (size before relaxing)
 .eh_frame      0x00000000000589a8       0x48 build/w_main.o
                                         0x60 (size before relaxing)
 .eh_frame      0x00000000000589f0      0x260 build/w_wad.o
                                        0x278 (size before relaxing)
 .eh_frame      0x0000000000058c50      0x220 build/z_zone.o
                                        0x238 (size before relaxing)
 .eh_frame      0x0000000000058e70       0x70 build/w_file_stdc.o
                                         0x88 (size before relaxing)
 .eh_frame      0x0000000000058ee0       0x60 build/i_input.o
                                         0x78 (size before relaxing)
 .eh_frame      0x0000000000058f40      0x228 build/i_video.o
                                        0x240 (size before relaxing)
 .eh_frame      0x0000000000059168       0x18 build/doomgeneric.o
                                         0x30 (size before relaxing)
 .eh_frame      0x0000000000059180      0x99c build/doomgeneric_opssat.o
                                        0x9b8 (size before relaxing)
 .eh_frame      0x0000000000059b1c        0x4 /usr/bin/../lib/gcc/x86_64-linux-gnu/11/crtendS.o
 *(.eh_frame.*)

.gcc_except_table
 *(.gcc_except_table .gcc_except_table.*)

.gnu_extab
 *(.gnu_extab*)

.exception_ranges
 *(.exception_ranges*)
                0x000000000005b7b0                . = DATA_SEGMENT_ALIGN (CONSTANT (MAXPAGESIZE), CONSTANT (COMMONPAGESIZE))

.eh_frame
 *(.eh_frame)
 *(.eh_frame.*)

.gnu_extab
 *(.gnu_extab)

.gcc_except_table
 *(.gcc_except_table .gcc_except_table.*)

.exception_ranges
 *(.exception_ranges*)

.tdata          0x000000000005b7b0        0x0
                [!provide]                        PROVIDE (__tdata_start = .)
 *(.tdata .tdata.* .gnu.linkonce.td.*)

.tbss
 *(.tbss .tbss.* .gnu.linkonce.tb.*)
 *(.tcommon)

.preinit_array  0x000000000005b7b0        0x0
                [!provide]                        PROVIDE (__preinit_array_start = .)
 *(.preinit_array)
                [!provide]                        PROVIDE (__preinit_array_end = .)

.init_array     0x000000000005b7b0        0x8
                [!provide]                        PROVIDE (__init_array_start = .)
 *(SORT_BY_INIT_PRIORITY(.init_array.*) SORT_BY_INIT_PRIORITY(.ctors.*))
 *(.init_array EXCLUDE_FILE(*crtend?.o *crtend.o *crtbegin?.o *crtbegin.o) .ctors)
 .init_array    0x000000000005b7b0        0x8 /usr/bin/../lib/gcc/x86_64-linux-gnu/11/crtbeginS.o
                [!provide]                        PROVIDE (__init_array_end = .)

.fini_array     0x000000000005b7b8        0x8
                [!provide]                        PROVIDE (__fini_array_start = .)
 *(SORT_BY_INIT_PRIORITY(.fini_array.*) SORT_BY_INIT_PRIORITY(.dtors.*))
 *(.fini_array EXCLUDE_FILE(*crtend?.o *crtend.o *crtbegin?.o *crtbegin.o) .dtors)
 .fini_array    0x000000000005b7b8        0x8 /usr/bin/../lib/gcc/x86_64-linux-gnu/11/crtbeginS.o
                [!provide]                        PROVIDE (__fini_array_end = .)

.ctors
 *crtbegin.o(.ctors)
 *crtbegin?.o(.ctors)
 *(EXCLUDE_FILE(*crtend?.o *crtend.o) .ctors)
 *(SORT_BY_NAME(.ctors.*))
 *(.ctors)

.dtors
 *crtbegin.o(.dtors)
 *crtbegin?.o(.dtors)
 *(EXCLUDE_FILE(*crtend?.o *crtend.o) .dtors)
 *(SORT_BY_NAME(.dtors.*))
 *(.dtors)

.jcr
 *(.jcr)

.data.rel.ro    0x000000000005b7c0      0x570
 *(.data.rel.ro.local* .gnu.linkonce.d.rel.ro.local.*)
 *(.data.rel.ro .data.rel.ro.* .gnu.linkonce.d.rel.ro.*)
 .data.rel.ro   0x000000000005b7c0        0x0 /lib/x86_64-linux-gnu/Scrt1.o
 .data.rel.ro   0x000000000005b7c0      0x150 build/d_iwad.o